mode: set
github.com/GerundiumLovecraft/team-hot-chip-group-project/api/main.go:12.13,23.2 7 0
github.com/GerundiumLovecraft/team-hot-chip-group-project/api/main.go:25.29,30.2 4 1
github.com/GerundiumLovecraft/team-hot-chip-group-project/api/main.go:32.33,39.2 5 1
github.com/GerundiumLovecraft/team-hot-chip-group-project/api/src/auth/token.go:17.51,26.2 4 1
github.com/GerundiumLovecraft/team-hot-chip-group-project/api/src/auth/token.go:28.57,31.83 2 1
github.com/GerundiumLovecraft/team-hot-chip-group-project/api/src/auth/token.go:31.83,33.3 1 1
github.com/GerundiumLovecraft/team-hot-chip-group-project/api/src/auth/token.go:35.2,35.16 1 1
github.com/GerundiumLovecraft/team-hot-chip-group-project/api/src/auth/token.go:35.16,37.3 1 1
github.com/GerundiumLovecraft/team-hot-chip-group-project/api/src/auth/token.go:39.2,40.9 2 1
github.com/GerundiumLovecraft/team-hot-chip-group-project/api/src/auth/token.go:40.9,42.3 1 0
github.com/GerundiumLovecraft/team-hot-chip-group-project/api/src/auth/token.go:44.2,44.42 1 1
github.com/GerundiumLovecraft/team-hot-chip-group-project/api/src/auth/token.go:47.43,50.2 2 0
github.com/GerundiumLovecraft/team-hot-chip-group-project/api/src/auth/token.go:52.73,54.16 2 1
github.com/GerundiumLovecraft/team-hot-chip-group-project/api/src/auth/token.go:54.16,56.3 1 0
github.com/GerundiumLovecraft/team-hot-chip-group-project/api/src/auth/token.go:58.2,59.16 2 1
github.com/GerundiumLovecraft/team-hot-chip-group-project/api/src/auth/token.go:59.16,61.3 1 0
github.com/GerundiumLovecraft/team-hot-chip-group-project/api/src/auth/token.go:63.2,64.16 2 1
github.com/GerundiumLovecraft/team-hot-chip-group-project/api/src/auth/token.go:64.16,66.3 1 0
github.com/GerundiumLovecraft/team-hot-chip-group-project/api/src/auth/token.go:68.2,72.8 1 1
github.com/GerundiumLovecraft/team-hot-chip-group-project/api/src/controllers/errors.go:9.53,10.29 1 0
github.com/GerundiumLovecraft/team-hot-chip-group-project/api/src/controllers/errors.go:10.29,12.3 1 0
github.com/GerundiumLovecraft/team-hot-chip-group-project/api/src/controllers/errors.go:12.8,14.3 1 0
github.com/GerundiumLovecraft/team-hot-chip-group-project/api/src/controllers/features.go:15.39,18.16 2 1
github.com/GerundiumLovecraft/team-hot-chip-group-project/api/src/controllers/features.go:18.16,20.3 1 0
github.com/GerundiumLovecraft/team-hot-chip-group-project/api/src/controllers/features.go:22.2,24.33 2 1
github.com/GerundiumLovecraft/team-hot-chip-group-project/api/src/controllers/features.go:24.33,29.3 1 1
github.com/GerundiumLovecraft/team-hot-chip-group-project/api/src/controllers/features.go:31.2,34.4 1 1
github.com/GerundiumLovecraft/team-hot-chip-group-project/api/src/controllers/leaderboard.go:16.43,18.16 2 1
github.com/GerundiumLovecraft/team-hot-chip-group-project/api/src/controllers/leaderboard.go:18.16,21.3 2 0
github.com/GerundiumLovecraft/team-hot-chip-group-project/api/src/controllers/leaderboard.go:23.2,23.60 1 1
github.com/GerundiumLovecraft/team-hot-chip-group-project/api/src/controllers/profile.go:16.35,19.13 2 1
github.com/GerundiumLovecraft/team-hot-chip-group-project/api/src/controllers/profile.go:19.13,22.3 2 0
github.com/GerundiumLovecraft/team-hot-chip-group-project/api/src/controllers/profile.go:24.2,25.9 2 1
github.com/GerundiumLovecraft/team-hot-chip-group-project/api/src/controllers/profile.go:25.9,28.3 2 0
github.com/GerundiumLovecraft/team-hot-chip-group-project/api/src/controllers/profile.go:30.2,31.16 2 1
github.com/GerundiumLovecraft/team-hot-chip-group-project/api/src/controllers/profile.go:31.16,34.3 2 0
github.com/GerundiumLovecraft/team-hot-chip-group-project/api/src/controllers/profile.go:36.2,37.16 2 1
github.com/GerundiumLovecraft/team-hot-chip-group-project/api/src/controllers/profile.go:37.16,40.3 2 0
github.com/GerundiumLovecraft/team-hot-chip-group-project/api/src/controllers/profile.go:42.2,54.4 2 1
github.com/GerundiumLovecraft/team-hot-chip-group-project/api/src/controllers/spot.go:34.36,37.25 2 1
github.com/GerundiumLovecraft/team-hot-chip-group-project/api/src/controllers/spot.go:37.25,40.3 2 0
github.com/GerundiumLovecraft/team-hot-chip-group-project/api/src/controllers/spot.go:43.2,44.16 2 1
github.com/GerundiumLovecraft/team-hot-chip-group-project/api/src/controllers/spot.go:44.16,47.3 2 0
github.com/GerundiumLovecraft/team-hot-chip-group-project/api/src/controllers/spot.go:49.2,50.30 2 1
github.com/GerundiumLovecraft/team-hot-chip-group-project/api/src/controllers/spot.go:50.30,52.41 2 1
github.com/GerundiumLovecraft/team-hot-chip-group-project/api/src/controllers/spot.go:52.41,58.4 1 0
github.com/GerundiumLovecraft/team-hot-chip-group-project/api/src/controllers/spot.go:61.3,75.5 2 1
github.com/GerundiumLovecraft/team-hot-chip-group-project/api/src/controllers/spot.go:78.2,78.52 1 1
github.com/GerundiumLovecraft/team-hot-chip-group-project/api/src/controllers/spot.go:82.36,87.25 3 1
github.com/GerundiumLovecraft/team-hot-chip-group-project/api/src/controllers/spot.go:87.25,88.49 1 1
github.com/GerundiumLovecraft/team-hot-chip-group-project/api/src/controllers/spot.go:88.49,91.4 2 1
github.com/GerundiumLovecraft/team-hot-chip-group-project/api/src/controllers/spot.go:92.3,93.9 2 0
github.com/GerundiumLovecraft/team-hot-chip-group-project/api/src/controllers/spot.go:97.2,99.16 3 1
github.com/GerundiumLovecraft/team-hot-chip-group-project/api/src/controllers/spot.go:99.16,102.3 2 0
github.com/GerundiumLovecraft/team-hot-chip-group-project/api/src/controllers/spot.go:104.2,105.45 2 1
github.com/GerundiumLovecraft/team-hot-chip-group-project/api/src/controllers/spot.go:105.45,111.3 1 0
github.com/GerundiumLovecraft/team-hot-chip-group-project/api/src/controllers/spot.go:112.2,126.52 2 1
github.com/GerundiumLovecraft/team-hot-chip-group-project/api/src/controllers/spot.go:130.42,133.54 2 1
github.com/GerundiumLovecraft/team-hot-chip-group-project/api/src/controllers/spot.go:133.54,136.3 2 1
github.com/GerundiumLovecraft/team-hot-chip-group-project/api/src/controllers/spot.go:138.2,138.24 1 1
github.com/GerundiumLovecraft/team-hot-chip-group-project/api/src/controllers/spot.go:138.24,141.3 2 1
github.com/GerundiumLovecraft/team-hot-chip-group-project/api/src/controllers/spot.go:144.2,146.25 2 1
github.com/GerundiumLovecraft/team-hot-chip-group-project/api/src/controllers/spot.go:146.25,149.3 2 0
github.com/GerundiumLovecraft/team-hot-chip-group-project/api/src/controllers/spot.go:152.2,152.27 1 1
github.com/GerundiumLovecraft/team-hot-chip-group-project/api/src/controllers/spot.go:152.27,155.3 2 1
github.com/GerundiumLovecraft/team-hot-chip-group-project/api/src/controllers/spot.go:158.2,159.16 2 1
github.com/GerundiumLovecraft/team-hot-chip-group-project/api/src/controllers/spot.go:159.16,162.3 2 0
github.com/GerundiumLovecraft/team-hot-chip-group-project/api/src/controllers/spot.go:164.2,165.35 2 1
github.com/GerundiumLovecraft/team-hot-chip-group-project/api/src/controllers/spot.go:165.35,167.41 2 1
github.com/GerundiumLovecraft/team-hot-chip-group-project/api/src/controllers/spot.go:167.41,173.4 1 1
github.com/GerundiumLovecraft/team-hot-chip-group-project/api/src/controllers/spot.go:174.3,186.5 1 1
github.com/GerundiumLovecraft/team-hot-chip-group-project/api/src/controllers/spot.go:189.2,189.52 1 1
github.com/GerundiumLovecraft/team-hot-chip-group-project/api/src/controllers/spot.go:193.39,198.28 4 1
github.com/GerundiumLovecraft/team-hot-chip-group-project/api/src/controllers/spot.go:198.28,201.6 2 0
github.com/GerundiumLovecraft/team-hot-chip-group-project/api/src/controllers/spot.go:203.5,204.33 2 1
github.com/GerundiumLovecraft/team-hot-chip-group-project/api/src/controllers/spot.go:204.33,206.47 2 1
github.com/GerundiumLovecraft/team-hot-chip-group-project/api/src/controllers/spot.go:206.47,211.10 1 1
github.com/GerundiumLovecraft/team-hot-chip-group-project/api/src/controllers/spot.go:212.9,223.11 1 1
github.com/GerundiumLovecraft/team-hot-chip-group-project/api/src/controllers/spot.go:226.5,226.55 1 1
github.com/GerundiumLovecraft/team-hot-chip-group-project/api/src/controllers/spot.go:229.56,235.2 2 1
github.com/GerundiumLovecraft/team-hot-chip-group-project/api/src/controllers/spot.go:237.35,241.25 3 1
github.com/GerundiumLovecraft/team-hot-chip-group-project/api/src/controllers/spot.go:241.25,244.3 2 1
github.com/GerundiumLovecraft/team-hot-chip-group-project/api/src/controllers/spot.go:245.2,252.181 5 1
github.com/GerundiumLovecraft/team-hot-chip-group-project/api/src/controllers/spot.go:252.181,255.3 2 0
github.com/GerundiumLovecraft/team-hot-chip-group-project/api/src/controllers/spot.go:257.2,260.25 3 1
github.com/GerundiumLovecraft/team-hot-chip-group-project/api/src/controllers/spot.go:260.25,263.3 2 0
github.com/GerundiumLovecraft/team-hot-chip-group-project/api/src/controllers/spot.go:265.2,267.75 2 1
github.com/GerundiumLovecraft/team-hot-chip-group-project/api/src/controllers/spot_rating.go:12.34,14.13 2 1
github.com/GerundiumLovecraft/team-hot-chip-group-project/api/src/controllers/spot_rating.go:14.13,17.3 2 0
github.com/GerundiumLovecraft/team-hot-chip-group-project/api/src/controllers/spot_rating.go:19.2,20.9 2 1
github.com/GerundiumLovecraft/team-hot-chip-group-project/api/src/controllers/spot_rating.go:20.9,23.3 2 0
github.com/GerundiumLovecraft/team-hot-chip-group-project/api/src/controllers/spot_rating.go:26.2,28.16 3 1
github.com/GerundiumLovecraft/team-hot-chip-group-project/api/src/controllers/spot_rating.go:28.16,31.3 2 1
github.com/GerundiumLovecraft/team-hot-chip-group-project/api/src/controllers/spot_rating.go:34.2,37.57 2 1
github.com/GerundiumLovecraft/team-hot-chip-group-project/api/src/controllers/spot_rating.go:37.57,40.3 2 1
github.com/GerundiumLovecraft/team-hot-chip-group-project/api/src/controllers/spot_rating.go:43.2,43.54 1 1
github.com/GerundiumLovecraft/team-hot-chip-group-project/api/src/controllers/spot_rating.go:43.54,46.3 2 1
github.com/GerundiumLovecraft/team-hot-chip-group-project/api/src/controllers/spot_rating.go:48.2,52.16 3 1
github.com/GerundiumLovecraft/team-hot-chip-group-project/api/src/controllers/spot_rating.go:52.16,55.3 2 0
github.com/GerundiumLovecraft/team-hot-chip-group-project/api/src/controllers/spot_rating.go:57.2,57.77 1 1
github.com/GerundiumLovecraft/team-hot-chip-group-project/api/src/controllers/tokens.go:18.36,21.16 3 1
github.com/GerundiumLovecraft/team-hot-chip-group-project/api/src/controllers/tokens.go:21.16,24.3 2 0
github.com/GerundiumLovecraft/team-hot-chip-group-project/api/src/controllers/tokens.go:26.2,29.16 3 1
github.com/GerundiumLovecraft/team-hot-chip-group-project/api/src/controllers/tokens.go:29.16,32.3 2 1
github.com/GerundiumLovecraft/team-hot-chip-group-project/api/src/controllers/tokens.go:34.2,35.16 2 1
github.com/GerundiumLovecraft/team-hot-chip-group-project/api/src/controllers/tokens.go:35.16,38.3 2 1
github.com/GerundiumLovecraft/team-hot-chip-group-project/api/src/controllers/tokens.go:40.2,41.16 2 1
github.com/GerundiumLovecraft/team-hot-chip-group-project/api/src/controllers/tokens.go:41.16,44.3 2 0
github.com/GerundiumLovecraft/team-hot-chip-group-project/api/src/controllers/tokens.go:45.2,45.70 1 1
github.com/GerundiumLovecraft/team-hot-chip-group-project/api/src/controllers/users.go:16.35,19.53 2 1
github.com/GerundiumLovecraft/team-hot-chip-group-project/api/src/controllers/users.go:19.53,22.3 2 1
github.com/GerundiumLovecraft/team-hot-chip-group-project/api/src/controllers/users.go:24.2,28.16 4 1
github.com/GerundiumLovecraft/team-hot-chip-group-project/api/src/controllers/users.go:28.16,31.3 2 0
github.com/GerundiumLovecraft/team-hot-chip-group-project/api/src/controllers/users.go:32.2,36.16 3 1
github.com/GerundiumLovecraft/team-hot-chip-group-project/api/src/controllers/users.go:36.16,38.54 2 1
github.com/GerundiumLovecraft/team-hot-chip-group-project/api/src/controllers/users.go:38.54,41.4 2 1
github.com/GerundiumLovecraft/team-hot-chip-group-project/api/src/controllers/users.go:42.3,43.9 2 0
github.com/GerundiumLovecraft/team-hot-chip-group-project/api/src/controllers/users.go:47.2,50.70 3 1
github.com/GerundiumLovecraft/team-hot-chip-group-project/api/src/controllers/users.go:53.36,63.16 5 1
github.com/GerundiumLovecraft/team-hot-chip-group-project/api/src/controllers/users.go:63.16,66.3 2 1
github.com/GerundiumLovecraft/team-hot-chip-group-project/api/src/controllers/users.go:69.2,69.47 1 1
github.com/GerundiumLovecraft/team-hot-chip-group-project/api/src/controllers/users.go:69.47,72.3 2 1
github.com/GerundiumLovecraft/team-hot-chip-group-project/api/src/controllers/users.go:75.2,78.79 2 1
github.com/GerundiumLovecraft/team-hot-chip-group-project/api/src/controllers/users.go:81.42,85.16 3 1
github.com/GerundiumLovecraft/team-hot-chip-group-project/api/src/controllers/users.go:85.16,88.3 2 1
github.com/GerundiumLovecraft/team-hot-chip-group-project/api/src/controllers/users.go:91.2,94.46 4 1
github.com/GerundiumLovecraft/team-hot-chip-group-project/api/src/controllers/users.go:94.46,97.3 2 1
github.com/GerundiumLovecraft/team-hot-chip-group-project/api/src/controllers/users.go:99.2,101.79 2 1
github.com/GerundiumLovecraft/team-hot-chip-group-project/api/src/controllers/users.go:104.41,112.50 4 1
github.com/GerundiumLovecraft/team-hot-chip-group-project/api/src/controllers/users.go:112.50,115.3 2 1
github.com/GerundiumLovecraft/team-hot-chip-group-project/api/src/controllers/users.go:117.2,118.16 2 1
github.com/GerundiumLovecraft/team-hot-chip-group-project/api/src/controllers/users.go:118.16,121.3 2 0
github.com/GerundiumLovecraft/team-hot-chip-group-project/api/src/controllers/users.go:123.2,126.16 3 1
github.com/GerundiumLovecraft/team-hot-chip-group-project/api/src/controllers/users.go:126.16,129.3 2 0
github.com/GerundiumLovecraft/team-hot-chip-group-project/api/src/controllers/users.go:131.2,140.4 1 1
github.com/GerundiumLovecraft/team-hot-chip-group-project/api/src/env/env.go:9.35,11.16 2 1
github.com/GerundiumLovecraft/team-hot-chip-group-project/api/src/env/env.go:11.16,13.3 1 0
github.com/GerundiumLovecraft/team-hot-chip-group-project/api/src/env/env.go:15.2,15.46 1 1
github.com/GerundiumLovecraft/team-hot-chip-group-project/api/src/middleware/authentication.go:11.49,13.28 2 1
github.com/GerundiumLovecraft/team-hot-chip-group-project/api/src/middleware/authentication.go:13.28,17.6 3 1
github.com/GerundiumLovecraft/team-hot-chip-group-project/api/src/middleware/authentication.go:18.5,20.19 3 1
github.com/GerundiumLovecraft/team-hot-chip-group-project/api/src/middleware/authentication.go:20.19,25.6 4 1
github.com/GerundiumLovecraft/team-hot-chip-group-project/api/src/middleware/authentication.go:26.5,27.15 2 1
github.com/GerundiumLovecraft/team-hot-chip-group-project/api/src/models/db.go:13.31,20.16 5 1
github.com/GerundiumLovecraft/team-hot-chip-group-project/api/src/models/db.go:20.16,21.13 1 0
github.com/GerundiumLovecraft/team-hot-chip-group-project/api/src/models/db.go:24.2,24.51 1 1
github.com/GerundiumLovecraft/team-hot-chip-group-project/api/src/models/db.go:27.26,33.2 5 1
github.com/GerundiumLovecraft/team-hot-chip-group-project/api/src/models/feature.go:8.45,13.16 3 1
github.com/GerundiumLovecraft/team-hot-chip-group-project/api/src/models/feature.go:13.16,15.3 1 0
github.com/GerundiumLovecraft/team-hot-chip-group-project/api/src/models/feature.go:17.2,17.23 1 1
github.com/GerundiumLovecraft/team-hot-chip-group-project/api/src/models/feature.go:20.54,23.16 2 1
github.com/GerundiumLovecraft/team-hot-chip-group-project/api/src/models/feature.go:23.16,25.3 1 0
github.com/GerundiumLovecraft/team-hot-chip-group-project/api/src/models/feature.go:27.2,27.15 1 1
github.com/GerundiumLovecraft/team-hot-chip-group-project/api/src/models/feature.go:30.55,33.16 3 0
github.com/GerundiumLovecraft/team-hot-chip-group-project/api/src/models/feature.go:33.16,35.3 1 0
github.com/GerundiumLovecraft/team-hot-chip-group-project/api/src/models/feature.go:36.2,36.22 1 0
github.com/GerundiumLovecraft/team-hot-chip-group-project/api/src/models/feature.go:39.21,45.15 3 1
github.com/GerundiumLovecraft/team-hot-chip-group-project/api/src/models/feature.go:45.15,47.3 1 0
github.com/GerundiumLovecraft/team-hot-chip-group-project/api/src/models/feature.go:50.2,60.35 2 1
github.com/GerundiumLovecraft/team-hot-chip-group-project/api/src/models/feature.go:60.35,63.3 2 1
github.com/GerundiumLovecraft/team-hot-chip-group-project/api/src/models/seeds.go:15.21,19.15 3 0
github.com/GerundiumLovecraft/team-hot-chip-group-project/api/src/models/seeds.go:19.15,22.3 2 0
github.com/GerundiumLovecraft/team-hot-chip-group-project/api/src/models/seeds.go:25.2,34.16 4 0
github.com/GerundiumLovecraft/team-hot-chip-group-project/api/src/models/seeds.go:34.16,37.3 2 0
github.com/GerundiumLovecraft/team-hot-chip-group-project/api/src/models/seeds.go:40.2,46.16 3 0
github.com/GerundiumLovecraft/team-hot-chip-group-project/api/src/models/seeds.go:46.16,49.3 2 0
github.com/GerundiumLovecraft/team-hot-chip-group-project/api/src/models/seeds.go:51.2,93.29 3 0
github.com/GerundiumLovecraft/team-hot-chip-group-project/api/src/models/seeds.go:93.29,96.17 3 0
github.com/GerundiumLovecraft/team-hot-chip-group-project/api/src/models/seeds.go:96.17,99.4 2 0
github.com/GerundiumLovecraft/team-hot-chip-group-project/api/src/models/seeds.go:101.3,101.12 1 0
github.com/GerundiumLovecraft/team-hot-chip-group-project/api/src/models/seeds.go:102.10,109.85 7 0
github.com/GerundiumLovecraft/team-hot-chip-group-project/api/src/models/seeds.go:111.10,118.85 7 0
github.com/GerundiumLovecraft/team-hot-chip-group-project/api/src/models/seeds.go:120.10,127.87 7 0
github.com/GerundiumLovecraft/team-hot-chip-group-project/api/src/models/seeds.go:129.10,135.85 6 0
github.com/GerundiumLovecraft/team-hot-chip-group-project/api/src/models/seeds.go:139.2,139.48 1 0
github.com/GerundiumLovecraft/team-hot-chip-group-project/api/src/models/spot.go:25.41,27.16 2 1
github.com/GerundiumLovecraft/team-hot-chip-group-project/api/src/models/spot.go:27.16,29.3 1 0
github.com/GerundiumLovecraft/team-hot-chip-group-project/api/src/models/spot.go:30.2,30.18 1 1
github.com/GerundiumLovecraft/team-hot-chip-group-project/api/src/models/spot.go:33.39,36.16 3 1
github.com/GerundiumLovecraft/team-hot-chip-group-project/api/src/models/spot.go:36.16,38.3 1 0
github.com/GerundiumLovecraft/team-hot-chip-group-project/api/src/models/spot.go:39.2,39.20 1 1
github.com/GerundiumLovecraft/team-hot-chip-group-project/api/src/models/spot.go:42.41,45.16 3 1
github.com/GerundiumLovecraft/team-hot-chip-group-project/api/src/models/spot.go:45.16,47.3 1 1
github.com/GerundiumLovecraft/team-hot-chip-group-project/api/src/models/spot.go:48.2,48.19 1 1
github.com/GerundiumLovecraft/team-hot-chip-group-project/api/src/models/spot.go:51.67,61.29 3 1
github.com/GerundiumLovecraft/team-hot-chip-group-project/api/src/models/spot.go:61.29,62.24 1 1
github.com/GerundiumLovecraft/team-hot-chip-group-project/api/src/models/spot.go:62.24,65.4 1 0
github.com/GerundiumLovecraft/team-hot-chip-group-project/api/src/models/spot.go:65.9,68.4 1 1
github.com/GerundiumLovecraft/team-hot-chip-group-project/api/src/models/spot.go:71.2,75.16 2 1
github.com/GerundiumLovecraft/team-hot-chip-group-project/api/src/models/spot.go:75.16,77.3 1 0
github.com/GerundiumLovecraft/team-hot-chip-group-project/api/src/models/spot.go:79.2,79.20 1 1
github.com/GerundiumLovecraft/team-hot-chip-group-project/api/src/models/spot.go:83.57,86.19 3 1
github.com/GerundiumLovecraft/team-hot-chip-group-project/api/src/models/spot.go:86.19,88.6 1 0
github.com/GerundiumLovecraft/team-hot-chip-group-project/api/src/models/spot.go:89.5,89.23 1 1
github.com/GerundiumLovecraft/team-hot-chip-group-project/api/src/models/spot.go:105.53,114.16 3 1
github.com/GerundiumLovecraft/team-hot-chip-group-project/api/src/models/spot.go:114.16,116.3 1 0
github.com/GerundiumLovecraft/team-hot-chip-group-project/api/src/models/spot.go:118.2,118.21 1 1
github.com/GerundiumLovecraft/team-hot-chip-group-project/api/src/models/spot_rating.go:13.61,28.2 3 1
github.com/GerundiumLovecraft/team-hot-chip-group-project/api/src/models/spot_rating.go:32.61,39.2 3 1
github.com/GerundiumLovecraft/team-hot-chip-group-project/api/src/models/spot_rating.go:43.57,53.16 3 1
github.com/GerundiumLovecraft/team-hot-chip-group-project/api/src/models/spot_rating.go:53.16,55.3 1 0
github.com/GerundiumLovecraft/team-hot-chip-group-project/api/src/models/spot_rating.go:58.2,59.28 2 1
github.com/GerundiumLovecraft/team-hot-chip-group-project/api/src/models/spot_rating.go:59.28,61.3 1 1
github.com/GerundiumLovecraft/team-hot-chip-group-project/api/src/models/spot_rating.go:62.2,62.20 1 1
github.com/GerundiumLovecraft/team-hot-chip-group-project/api/src/models/spots_to_feats.go:11.74,14.16 2 0
github.com/GerundiumLovecraft/team-hot-chip-group-project/api/src/models/spots_to_feats.go:14.16,16.3 1 0
github.com/GerundiumLovecraft/team-hot-chip-group-project/api/src/models/spots_to_feats.go:18.2,18.24 1 0
github.com/GerundiumLovecraft/team-hot-chip-group-project/api/src/models/spots_to_feats.go:21.66,27.16 4 0
github.com/GerundiumLovecraft/team-hot-chip-group-project/api/src/models/spots_to_feats.go:27.16,30.3 2 0
github.com/GerundiumLovecraft/team-hot-chip-group-project/api/src/models/spots_to_feats.go:32.2,32.12 1 0
github.com/GerundiumLovecraft/team-hot-chip-group-project/api/src/models/spots_to_feats.go:35.55,37.2 1 0
github.com/GerundiumLovecraft/team-hot-chip-group-project/api/src/models/user.go:17.41,19.16 2 1
github.com/GerundiumLovecraft/team-hot-chip-group-project/api/src/models/user.go:19.16,21.3 1 1
github.com/GerundiumLovecraft/team-hot-chip-group-project/api/src/models/user.go:23.2,23.18 1 1
github.com/GerundiumLovecraft/team-hot-chip-group-project/api/src/models/user.go:26.41,30.16 3 1
github.com/GerundiumLovecraft/team-hot-chip-group-project/api/src/models/user.go:30.16,32.3 1 1
github.com/GerundiumLovecraft/team-hot-chip-group-project/api/src/models/user.go:34.2,34.19 1 1
github.com/GerundiumLovecraft/team-hot-chip-group-project/api/src/models/user.go:37.71,41.16 3 1
github.com/GerundiumLovecraft/team-hot-chip-group-project/api/src/models/user.go:41.16,43.3 1 1
github.com/GerundiumLovecraft/team-hot-chip-group-project/api/src/models/user.go:45.2,45.19 1 1
github.com/GerundiumLovecraft/team-hot-chip-group-project/api/src/models/user.go:48.57,52.16 3 1
github.com/GerundiumLovecraft/team-hot-chip-group-project/api/src/models/user.go:52.16,54.3 1 1
github.com/GerundiumLovecraft/team-hot-chip-group-project/api/src/models/user.go:56.2,56.19 1 1
github.com/GerundiumLovecraft/team-hot-chip-group-project/api/src/models/user.go:59.67,63.16 3 1
github.com/GerundiumLovecraft/team-hot-chip-group-project/api/src/models/user.go:63.16,65.3 1 0
github.com/GerundiumLovecraft/team-hot-chip-group-project/api/src/models/user.go:67.2,70.16 3 1
github.com/GerundiumLovecraft/team-hot-chip-group-project/api/src/models/user.go:70.16,72.3 1 0
github.com/GerundiumLovecraft/team-hot-chip-group-project/api/src/models/user.go:74.2,74.19 1 1
github.com/GerundiumLovecraft/team-hot-chip-group-project/api/src/routes/features.go:8.51,12.2 2 1
github.com/GerundiumLovecraft/team-hot-chip-group-project/api/src/routes/leaderboard.go:9.58,12.2 2 1
github.com/GerundiumLovecraft/team-hot-chip-group-project/api/src/routes/profiles.go:9.54,14.2 3 1
github.com/GerundiumLovecraft/team-hot-chip-group-project/api/src/routes/routes.go:5.38,14.2 8 1
github.com/GerundiumLovecraft/team-hot-chip-group-project/api/src/routes/spot_ratings.go:9.53,12.2 2 1
github.com/GerundiumLovecraft/team-hot-chip-group-project/api/src/routes/spots.go:9.52,17.2 5 1
github.com/GerundiumLovecraft/team-hot-chip-group-project/api/src/routes/tokens.go:8.61,12.2 2 1
github.com/GerundiumLovecraft/team-hot-chip-group-project/api/src/routes/users.go:9.51,25.2 5 1
github.com/GerundiumLovecraft/team-hot-chip-group-project/api/src/auth/token.go:17.51,26.2 4 0
github.com/GerundiumLovecraft/team-hot-chip-group-project/api/src/auth/token.go:28.57,31.83 2 0
github.com/GerundiumLovecraft/team-hot-chip-group-project/api/src/auth/token.go:31.83,33.3 1 0
github.com/GerundiumLovecraft/team-hot-chip-group-project/api/src/auth/token.go:35.2,35.16 1 0
github.com/GerundiumLovecraft/team-hot-chip-group-project/api/src/auth/token.go:35.16,37.3 1 0
github.com/GerundiumLovecraft/team-hot-chip-group-project/api/src/auth/token.go:39.2,40.9 2 0
github.com/GerundiumLovecraft/team-hot-chip-group-project/api/src/auth/token.go:40.9,42.3 1 0
github.com/GerundiumLovecraft/team-hot-chip-group-project/api/src/auth/token.go:44.2,44.42 1 0
github.com/GerundiumLovecraft/team-hot-chip-group-project/api/src/auth/token.go:47.43,50.2 2 0
github.com/GerundiumLovecraft/team-hot-chip-group-project/api/src/auth/token.go:52.73,54.16 2 0
github.com/GerundiumLovecraft/team-hot-chip-group-project/api/src/auth/token.go:54.16,56.3 1 0
github.com/GerundiumLovecraft/team-hot-chip-group-project/api/src/auth/token.go:58.2,59.16 2 0
github.com/GerundiumLovecraft/team-hot-chip-group-project/api/src/auth/token.go:59.16,61.3 1 0
github.com/GerundiumLovecraft/team-hot-chip-group-project/api/src/auth/token.go:63.2,64.16 2 0
github.com/GerundiumLovecraft/team-hot-chip-group-project/api/src/auth/token.go:64.16,66.3 1 0
github.com/GerundiumLovecraft/team-hot-chip-group-project/api/src/auth/token.go:68.2,72.8 1 0
github.com/GerundiumLovecraft/team-hot-chip-group-project/api/src/controllers/errors.go:9.53,10.29 1 0
github.com/GerundiumLovecraft/team-hot-chip-group-project/api/src/controllers/errors.go:10.29,12.3 1 0
github.com/GerundiumLovecraft/team-hot-chip-group-project/api/src/controllers/errors.go:12.8,14.3 1 0
github.com/GerundiumLovecraft/team-hot-chip-group-project/api/src/controllers/features.go:15.39,18.16 2 0
github.com/GerundiumLovecraft/team-hot-chip-group-project/api/src/controllers/features.go:18.16,20.3 1 0
github.com/GerundiumLovecraft/team-hot-chip-group-project/api/src/controllers/features.go:22.2,24.33 2 0
github.com/GerundiumLovecraft/team-hot-chip-group-project/api/src/controllers/features.go:24.33,29.3 1 0
github.com/GerundiumLovecraft/team-hot-chip-group-project/api/src/controllers/features.go:31.2,34.4 1 0
github.com/GerundiumLovecraft/team-hot-chip-group-project/api/src/controllers/leaderboard.go:16.43,18.16 2 0
github.com/GerundiumLovecraft/team-hot-chip-group-project/api/src/controllers/leaderboard.go:18.16,21.3 2 0
github.com/GerundiumLovecraft/team-hot-chip-group-project/api/src/controllers/leaderboard.go:23.2,23.60 1 0
github.com/GerundiumLovecraft/team-hot-chip-group-project/api/src/controllers/profile.go:16.35,19.13 2 0
github.com/GerundiumLovecraft/team-hot-chip-group-project/api/src/controllers/profile.go:19.13,22.3 2 0
github.com/GerundiumLovecraft/team-hot-chip-group-project/api/src/controllers/profile.go:24.2,25.9 2 0
github.com/GerundiumLovecraft/team-hot-chip-group-project/api/src/controllers/profile.go:25.9,28.3 2 0
github.com/GerundiumLovecraft/team-hot-chip-group-project/api/src/controllers/profile.go:30.2,31.16 2 0
github.com/GerundiumLovecraft/team-hot-chip-group-project/api/src/controllers/profile.go:31.16,34.3 2 0
github.com/GerundiumLovecraft/team-hot-chip-group-project/api/src/controllers/profile.go:36.2,37.16 2 0
github.com/GerundiumLovecraft/team-hot-chip-group-project/api/src/controllers/profile.go:37.16,40.3 2 0
github.com/GerundiumLovecraft/team-hot-chip-group-project/api/src/controllers/profile.go:42.2,54.4 2 0
github.com/GerundiumLovecraft/team-hot-chip-group-project/api/src/controllers/spot.go:34.36,37.25 2 0
github.com/GerundiumLovecraft/team-hot-chip-group-project/api/src/controllers/spot.go:37.25,40.3 2 0
github.com/GerundiumLovecraft/team-hot-chip-group-project/api/src/controllers/spot.go:43.2,44.16 2 0
github.com/GerundiumLovecraft/team-hot-chip-group-project/api/src/controllers/spot.go:44.16,47.3 2 0
github.com/GerundiumLovecraft/team-hot-chip-group-project/api/src/controllers/spot.go:49.2,50.30 2 0
github.com/GerundiumLovecraft/team-hot-chip-group-project/api/src/controllers/spot.go:50.30,52.41 2 0
github.com/GerundiumLovecraft/team-hot-chip-group-project/api/src/controllers/spot.go:52.41,58.4 1 0
github.com/GerundiumLovecraft/team-hot-chip-group-project/api/src/controllers/spot.go:61.3,75.5 2 0
github.com/GerundiumLovecraft/team-hot-chip-group-project/api/src/controllers/spot.go:78.2,78.52 1 0
github.com/GerundiumLovecraft/team-hot-chip-group-project/api/src/controllers/spot.go:82.36,87.25 3 0
github.com/GerundiumLovecraft/team-hot-chip-group-project/api/src/controllers/spot.go:87.25,88.49 1 0
github.com/GerundiumLovecraft/team-hot-chip-group-project/api/src/controllers/spot.go:88.49,91.4 2 0
github.com/GerundiumLovecraft/team-hot-chip-group-project/api/src/controllers/spot.go:92.3,93.9 2 0
github.com/GerundiumLovecraft/team-hot-chip-group-project/api/src/controllers/spot.go:97.2,99.16 3 0
github.com/GerundiumLovecraft/team-hot-chip-group-project/api/src/controllers/spot.go:99.16,102.3 2 0
github.com/GerundiumLovecraft/team-hot-chip-group-project/api/src/controllers/spot.go:104.2,105.45 2 0
github.com/GerundiumLovecraft/team-hot-chip-group-project/api/src/controllers/spot.go:105.45,111.3 1 0
github.com/GerundiumLovecraft/team-hot-chip-group-project/api/src/controllers/spot.go:112.2,126.52 2 0
github.com/GerundiumLovecraft/team-hot-chip-group-project/api/src/controllers/spot.go:130.42,133.54 2 0
github.com/GerundiumLovecraft/team-hot-chip-group-project/api/src/controllers/spot.go:133.54,136.3 2 0
github.com/GerundiumLovecraft/team-hot-chip-group-project/api/src/controllers/spot.go:138.2,138.24 1 0
github.com/GerundiumLovecraft/team-hot-chip-group-project/api/src/controllers/spot.go:138.24,141.3 2 0
github.com/GerundiumLovecraft/team-hot-chip-group-project/api/src/controllers/spot.go:144.2,146.25 2 0
github.com/GerundiumLovecraft/team-hot-chip-group-project/api/src/controllers/spot.go:146.25,149.3 2 0
github.com/GerundiumLovecraft/team-hot-chip-group-project/api/src/controllers/spot.go:152.2,152.27 1 0
github.com/GerundiumLovecraft/team-hot-chip-group-project/api/src/controllers/spot.go:152.27,155.3 2 0
github.com/GerundiumLovecraft/team-hot-chip-group-project/api/src/controllers/spot.go:158.2,159.16 2 0
github.com/GerundiumLovecraft/team-hot-chip-group-project/api/src/controllers/spot.go:159.16,162.3 2 0
github.com/GerundiumLovecraft/team-hot-chip-group-project/api/src/controllers/spot.go:164.2,165.35 2 0
github.com/GerundiumLovecraft/team-hot-chip-group-project/api/src/controllers/spot.go:165.35,167.41 2 0
github.com/GerundiumLovecraft/team-hot-chip-group-project/api/src/controllers/spot.go:167.41,173.4 1 0
github.com/GerundiumLovecraft/team-hot-chip-group-project/api/src/controllers/spot.go:174.3,186.5 1 0
github.com/GerundiumLovecraft/team-hot-chip-group-project/api/src/controllers/spot.go:189.2,189.52 1 0
github.com/GerundiumLovecraft/team-hot-chip-group-project/api/src/controllers/spot.go:193.39,198.28 4 0
github.com/GerundiumLovecraft/team-hot-chip-group-project/api/src/controllers/spot.go:198.28,201.6 2 0
github.com/GerundiumLovecraft/team-hot-chip-group-project/api/src/controllers/spot.go:203.5,204.33 2 0
github.com/GerundiumLovecraft/team-hot-chip-group-project/api/src/controllers/spot.go:204.33,206.47 2 0
github.com/GerundiumLovecraft/team-hot-chip-group-project/api/src/controllers/spot.go:206.47,211.10 1 0
github.com/GerundiumLovecraft/team-hot-chip-group-project/api/src/controllers/spot.go:212.9,223.11 1 0
github.com/GerundiumLovecraft/team-hot-chip-group-project/api/src/controllers/spot.go:226.5,226.55 1 0
github.com/GerundiumLovecraft/team-hot-chip-group-project/api/src/controllers/spot.go:229.56,235.2 2 0
github.com/GerundiumLovecraft/team-hot-chip-group-project/api/src/controllers/spot.go:237.35,241.25 3 0
github.com/GerundiumLovecraft/team-hot-chip-group-project/api/src/controllers/spot.go:241.25,244.3 2 0
github.com/GerundiumLovecraft/team-hot-chip-group-project/api/src/controllers/spot.go:245.2,252.181 5 0
github.com/GerundiumLovecraft/team-hot-chip-group-project/api/src/controllers/spot.go:252.181,255.3 2 0
github.com/GerundiumLovecraft/team-hot-chip-group-project/api/src/controllers/spot.go:257.2,260.25 3 0
github.com/GerundiumLovecraft/team-hot-chip-group-project/api/src/controllers/spot.go:260.25,263.3 2 0
github.com/GerundiumLovecraft/team-hot-chip-group-project/api/src/controllers/spot.go:265.2,267.75 2 0
github.com/GerundiumLovecraft/team-hot-chip-group-project/api/src/controllers/spot_rating.go:12.34,14.13 2 0
github.com/GerundiumLovecraft/team-hot-chip-group-project/api/src/controllers/spot_rating.go:14.13,17.3 2 0
github.com/GerundiumLovecraft/team-hot-chip-group-project/api/src/controllers/spot_rating.go:19.2,20.9 2 0
github.com/GerundiumLovecraft/team-hot-chip-group-project/api/src/controllers/spot_rating.go:20.9,23.3 2 0
github.com/GerundiumLovecraft/team-hot-chip-group-project/api/src/controllers/spot_rating.go:26.2,28.16 3 0
github.com/GerundiumLovecraft/team-hot-chip-group-project/api/src/controllers/spot_rating.go:28.16,31.3 2 0
github.com/GerundiumLovecraft/team-hot-chip-group-project/api/src/controllers/spot_rating.go:34.2,37.57 2 0
github.com/GerundiumLovecraft/team-hot-chip-group-project/api/src/controllers/spot_rating.go:37.57,40.3 2 0
github.com/GerundiumLovecraft/team-hot-chip-group-project/api/src/controllers/spot_rating.go:43.2,43.54 1 0
github.com/GerundiumLovecraft/team-hot-chip-group-project/api/src/controllers/spot_rating.go:43.54,46.3 2 0
github.com/GerundiumLovecraft/team-hot-chip-group-project/api/src/controllers/spot_rating.go:48.2,52.16 3 0
github.com/GerundiumLovecraft/team-hot-chip-group-project/api/src/controllers/spot_rating.go:52.16,55.3 2 0
github.com/GerundiumLovecraft/team-hot-chip-group-project/api/src/controllers/spot_rating.go:57.2,57.77 1 0
github.com/GerundiumLovecraft/team-hot-chip-group-project/api/src/controllers/tokens.go:18.36,21.16 3 0
github.com/GerundiumLovecraft/team-hot-chip-group-project/api/src/controllers/tokens.go:21.16,24.3 2 0
github.com/GerundiumLovecraft/team-hot-chip-group-project/api/src/controllers/tokens.go:26.2,29.16 3 0
github.com/GerundiumLovecraft/team-hot-chip-group-project/api/src/controllers/tokens.go:29.16,32.3 2 0
github.com/GerundiumLovecraft/team-hot-chip-group-project/api/src/controllers/tokens.go:34.2,35.16 2 0
github.com/GerundiumLovecraft/team-hot-chip-group-project/api/src/controllers/tokens.go:35.16,38.3 2 0
github.com/GerundiumLovecraft/team-hot-chip-group-project/api/src/controllers/tokens.go:40.2,41.16 2 0
github.com/GerundiumLovecraft/team-hot-chip-group-project/api/src/controllers/tokens.go:41.16,44.3 2 0
github.com/GerundiumLovecraft/team-hot-chip-group-project/api/src/controllers/tokens.go:45.2,45.70 1 0
github.com/GerundiumLovecraft/team-hot-chip-group-project/api/src/controllers/users.go:16.35,19.53 2 0
github.com/GerundiumLovecraft/team-hot-chip-group-project/api/src/controllers/users.go:19.53,22.3 2 0
github.com/GerundiumLovecraft/team-hot-chip-group-project/api/src/controllers/users.go:24.2,28.16 4 0
github.com/GerundiumLovecraft/team-hot-chip-group-project/api/src/controllers/users.go:28.16,31.3 2 0
github.com/GerundiumLovecraft/team-hot-chip-group-project/api/src/controllers/users.go:32.2,36.16 3 0
github.com/GerundiumLovecraft/team-hot-chip-group-project/api/src/controllers/users.go:36.16,38.54 2 0
github.com/GerundiumLovecraft/team-hot-chip-group-project/api/src/controllers/users.go:38.54,41.4 2 0
github.com/GerundiumLovecraft/team-hot-chip-group-project/api/src/controllers/users.go:42.3,43.9 2 0
github.com/GerundiumLovecraft/team-hot-chip-group-project/api/src/controllers/users.go:47.2,50.70 3 0
github.com/GerundiumLovecraft/team-hot-chip-group-project/api/src/controllers/users.go:53.36,63.16 5 0
github.com/GerundiumLovecraft/team-hot-chip-group-project/api/src/controllers/users.go:63.16,66.3 2 0
github.com/GerundiumLovecraft/team-hot-chip-group-project/api/src/controllers/users.go:69.2,69.47 1 0
github.com/GerundiumLovecraft/team-hot-chip-group-project/api/src/controllers/users.go:69.47,72.3 2 0
github.com/GerundiumLovecraft/team-hot-chip-group-project/api/src/controllers/users.go:75.2,78.79 2 0
github.com/GerundiumLovecraft/team-hot-chip-group-project/api/src/controllers/users.go:81.42,85.16 3 0
github.com/GerundiumLovecraft/team-hot-chip-group-project/api/src/controllers/users.go:85.16,88.3 2 0
github.com/GerundiumLovecraft/team-hot-chip-group-project/api/src/controllers/users.go:91.2,94.46 4 0
github.com/GerundiumLovecraft/team-hot-chip-group-project/api/src/controllers/users.go:94.46,97.3 2 0
github.com/GerundiumLovecraft/team-hot-chip-group-project/api/src/controllers/users.go:99.2,101.79 2 0
github.com/GerundiumLovecraft/team-hot-chip-group-project/api/src/controllers/users.go:104.41,112.50 4 0
github.com/GerundiumLovecraft/team-hot-chip-group-project/api/src/controllers/users.go:112.50,115.3 2 0
github.com/GerundiumLovecraft/team-hot-chip-group-project/api/src/controllers/users.go:117.2,118.16 2 0
github.com/GerundiumLovecraft/team-hot-chip-group-project/api/src/controllers/users.go:118.16,121.3 2 0
github.com/GerundiumLovecraft/team-hot-chip-group-project/api/src/controllers/users.go:123.2,126.16 3 0
github.com/GerundiumLovecraft/team-hot-chip-group-project/api/src/controllers/users.go:126.16,129.3 2 0
github.com/GerundiumLovecraft/team-hot-chip-group-project/api/src/controllers/users.go:131.2,140.4 1 0
github.com/GerundiumLovecraft/team-hot-chip-group-project/api/src/env/env.go:9.35,11.16 2 0
github.com/GerundiumLovecraft/team-hot-chip-group-project/api/src/env/env.go:11.16,13.3 1 0
github.com/GerundiumLovecraft/team-hot-chip-group-project/api/src/env/env.go:15.2,15.46 1 0
github.com/GerundiumLovecraft/team-hot-chip-group-project/api/src/middleware/authentication.go:11.49,13.28 2 0
github.com/GerundiumLovecraft/team-hot-chip-group-project/api/src/middleware/authentication.go:13.28,17.6 3 0
github.com/GerundiumLovecraft/team-hot-chip-group-project/api/src/middleware/authentication.go:18.5,20.19 3 0
github.com/GerundiumLovecraft/team-hot-chip-group-project/api/src/middleware/authentication.go:20.19,25.6 4 0
github.com/GerundiumLovecraft/team-hot-chip-group-project/api/src/middleware/authentication.go:26.5,27.15 2 0
github.com/GerundiumLovecraft/team-hot-chip-group-project/api/main.go:12.13,23.2 7 0
github.com/GerundiumLovecraft/team-hot-chip-group-project/api/main.go:25.29,30.2 4 0
github.com/GerundiumLovecraft/team-hot-chip-group-project/api/main.go:32.33,39.2 5 0
github.com/GerundiumLovecraft/team-hot-chip-group-project/api/src/auth/token.go:17.51,26.2 4 0
github.com/GerundiumLovecraft/team-hot-chip-group-project/api/src/auth/token.go:28.57,31.83 2 0
github.com/GerundiumLovecraft/team-hot-chip-group-project/api/src/auth/token.go:31.83,33.3 1 0
github.com/GerundiumLovecraft/team-hot-chip-group-project/api/src/auth/token.go:35.2,35.16 1 0
github.com/GerundiumLovecraft/team-hot-chip-group-project/api/src/auth/token.go:35.16,37.3 1 0
github.com/GerundiumLovecraft/team-hot-chip-group-project/api/src/auth/token.go:39.2,40.9 2 0
github.com/GerundiumLovecraft/team-hot-chip-group-project/api/src/auth/token.go:40.9,42.3 1 0
github.com/GerundiumLovecraft/team-hot-chip-group-project/api/src/auth/token.go:44.2,44.42 1 0
github.com/GerundiumLovecraft/team-hot-chip-group-project/api/src/auth/token.go:47.43,50.2 2 0
github.com/GerundiumLovecraft/team-hot-chip-group-project/api/src/auth/token.go:52.73,54.16 2 0
github.com/GerundiumLovecraft/team-hot-chip-group-project/api/src/auth/token.go:54.16,56.3 1 0
github.com/GerundiumLovecraft/team-hot-chip-group-project/api/src/auth/token.go:58.2,59.16 2 0
github.com/GerundiumLovecraft/team-hot-chip-group-project/api/src/auth/token.go:59.16,61.3 1 0
github.com/GerundiumLovecraft/team-hot-chip-group-project/api/src/auth/token.go:63.2,64.16 2 0
github.com/GerundiumLovecraft/team-hot-chip-group-project/api/src/auth/token.go:64.16,66.3 1 0
github.com/GerundiumLovecraft/team-hot-chip-group-project/api/src/auth/token.go:68.2,72.8 1 0
github.com/GerundiumLovecraft/team-hot-chip-group-project/api/src/controllers/errors.go:9.53,10.29 1 0
github.com/GerundiumLovecraft/team-hot-chip-group-project/api/src/controllers/errors.go:10.29,12.3 1 0
github.com/GerundiumLovecraft/team-hot-chip-group-project/api/src/controllers/errors.go:12.8,14.3 1 0
github.com/GerundiumLovecraft/team-hot-chip-group-project/api/src/controllers/features.go:15.39,18.16 2 0
github.com/GerundiumLovecraft/team-hot-chip-group-project/api/src/controllers/features.go:18.16,20.3 1 0
github.com/GerundiumLovecraft/team-hot-chip-group-project/api/src/controllers/features.go:22.2,24.33 2 0
github.com/GerundiumLovecraft/team-hot-chip-group-project/api/src/controllers/features.go:24.33,29.3 1 0
github.com/GerundiumLovecraft/team-hot-chip-group-project/api/src/controllers/features.go:31.2,34.4 1 0
github.com/GerundiumLovecraft/team-hot-chip-group-project/api/src/controllers/leaderboard.go:16.43,18.16 2 0
github.com/GerundiumLovecraft/team-hot-chip-group-project/api/src/controllers/leaderboard.go:18.16,21.3 2 0
github.com/GerundiumLovecraft/team-hot-chip-group-project/api/src/controllers/leaderboard.go:23.2,23.60 1 0
github.com/GerundiumLovecraft/team-hot-chip-group-project/api/src/controllers/profile.go:16.35,19.13 2 0
github.com/GerundiumLovecraft/team-hot-chip-group-project/api/src/controllers/profile.go:19.13,22.3 2 0
github.com/GerundiumLovecraft/team-hot-chip-group-project/api/src/controllers/profile.go:24.2,25.9 2 0
github.com/GerundiumLovecraft/team-hot-chip-group-project/api/src/controllers/profile.go:25.9,28.3 2 0
github.com/GerundiumLovecraft/team-hot-chip-group-project/api/src/controllers/profile.go:30.2,31.16 2 0
github.com/GerundiumLovecraft/team-hot-chip-group-project/api/src/controllers/profile.go:31.16,34.3 2 0
github.com/GerundiumLovecraft/team-hot-chip-group-project/api/src/controllers/profile.go:36.2,37.16 2 0
github.com/GerundiumLovecraft/team-hot-chip-group-project/api/src/controllers/profile.go:37.16,40.3 2 0
github.com/GerundiumLovecraft/team-hot-chip-group-project/api/src/controllers/profile.go:42.2,54.4 2 0
github.com/GerundiumLovecraft/team-hot-chip-group-project/api/src/controllers/spot.go:34.36,37.25 2 0
github.com/GerundiumLovecraft/team-hot-chip-group-project/api/src/controllers/spot.go:37.25,40.3 2 0
github.com/GerundiumLovecraft/team-hot-chip-group-project/api/src/controllers/spot.go:43.2,44.16 2 0
github.com/GerundiumLovecraft/team-hot-chip-group-project/api/src/controllers/spot.go:44.16,47.3 2 0
github.com/GerundiumLovecraft/team-hot-chip-group-project/api/src/controllers/spot.go:49.2,50.30 2 0
github.com/GerundiumLovecraft/team-hot-chip-group-project/api/src/controllers/spot.go:50.30,52.41 2 0
github.com/GerundiumLovecraft/team-hot-chip-group-project/api/src/controllers/spot.go:52.41,58.4 1 0
github.com/GerundiumLovecraft/team-hot-chip-group-project/api/src/controllers/spot.go:61.3,75.5 2 0
github.com/GerundiumLovecraft/team-hot-chip-group-project/api/src/controllers/spot.go:78.2,78.52 1 0
github.com/GerundiumLovecraft/team-hot-chip-group-project/api/src/controllers/spot.go:82.36,87.25 3 0
github.com/GerundiumLovecraft/team-hot-chip-group-project/api/src/controllers/spot.go:87.25,88.49 1 0
github.com/GerundiumLovecraft/team-hot-chip-group-project/api/src/controllers/spot.go:88.49,91.4 2 0
github.com/GerundiumLovecraft/team-hot-chip-group-project/api/src/controllers/spot.go:92.3,93.9 2 0
github.com/GerundiumLovecraft/team-hot-chip-group-project/api/src/controllers/spot.go:97.2,99.16 3 0
github.com/GerundiumLovecraft/team-hot-chip-group-project/api/src/controllers/spot.go:99.16,102.3 2 0
github.com/GerundiumLovecraft/team-hot-chip-group-project/api/src/controllers/spot.go:104.2,105.45 2 0
github.com/GerundiumLovecraft/team-hot-chip-group-project/api/src/controllers/spot.go:105.45,111.3 1 0
github.com/GerundiumLovecraft/team-hot-chip-group-project/api/src/controllers/spot.go:112.2,126.52 2 0
github.com/GerundiumLovecraft/team-hot-chip-group-project/api/src/controllers/spot.go:130.42,133.54 2 0
github.com/GerundiumLovecraft/team-hot-chip-group-project/api/src/controllers/spot.go:133.54,136.3 2 0
github.com/GerundiumLovecraft/team-hot-chip-group-project/api/src/controllers/spot.go:138.2,138.24 1 0
github.com/GerundiumLovecraft/team-hot-chip-group-project/api/src/controllers/spot.go:138.24,141.3 2 0
github.com/GerundiumLovecraft/team-hot-chip-group-project/api/src/controllers/spot.go:144.2,146.25 2 0
github.com/GerundiumLovecraft/team-hot-chip-group-project/api/src/controllers/spot.go:146.25,149.3 2 0
github.com/GerundiumLovecraft/team-hot-chip-group-project/api/src/controllers/spot.go:152.2,152.27 1 0
github.com/GerundiumLovecraft/team-hot-chip-group-project/api/src/controllers/spot.go:152.27,155.3 2 0
github.com/GerundiumLovecraft/team-hot-chip-group-project/api/src/controllers/spot.go:158.2,159.16 2 0
github.com/GerundiumLovecraft/team-hot-chip-group-project/api/src/controllers/spot.go:159.16,162.3 2 0
github.com/GerundiumLovecraft/team-hot-chip-group-project/api/src/controllers/spot.go:164.2,165.35 2 0
github.com/GerundiumLovecraft/team-hot-chip-group-project/api/src/controllers/spot.go:165.35,167.41 2 0
github.com/GerundiumLovecraft/team-hot-chip-group-project/api/src/controllers/spot.go:167.41,173.4 1 0
github.com/GerundiumLovecraft/team-hot-chip-group-project/api/src/controllers/spot.go:174.3,186.5 1 0
github.com/GerundiumLovecraft/team-hot-chip-group-project/api/src/controllers/spot.go:189.2,189.52 1 0
github.com/GerundiumLovecraft/team-hot-chip-group-project/api/src/controllers/spot.go:193.39,198.28 4 0
github.com/GerundiumLovecraft/team-hot-chip-group-project/api/src/controllers/spot.go:198.28,201.6 2 0
github.com/GerundiumLovecraft/team-hot-chip-group-project/api/src/controllers/spot.go:203.5,204.33 2 0
github.com/GerundiumLovecraft/team-hot-chip-group-project/api/src/controllers/spot.go:204.33,206.47 2 0
github.com/GerundiumLovecraft/team-hot-chip-group-project/api/src/controllers/spot.go:206.47,211.10 1 0
github.com/GerundiumLovecraft/team-hot-chip-group-project/api/src/controllers/spot.go:212.9,223.11 1 0
github.com/GerundiumLovecraft/team-hot-chip-group-project/api/src/controllers/spot.go:226.5,226.55 1 0
github.com/GerundiumLovecraft/team-hot-chip-group-project/api/src/controllers/spot.go:229.56,235.2 2 0
github.com/GerundiumLovecraft/team-hot-chip-group-project/api/src/controllers/spot.go:237.35,241.25 3 0
github.com/GerundiumLovecraft/team-hot-chip-group-project/api/src/controllers/spot.go:241.25,244.3 2 0
github.com/GerundiumLovecraft/team-hot-chip-group-project/api/src/controllers/spot.go:245.2,252.181 5 0
github.com/GerundiumLovecraft/team-hot-chip-group-project/api/src/controllers/spot.go:252.181,255.3 2 0
github.com/GerundiumLovecraft/team-hot-chip-group-project/api/src/controllers/spot.go:257.2,260.25 3 0
github.com/GerundiumLovecraft/team-hot-chip-group-project/api/src/controllers/spot.go:260.25,263.3 2 0
github.com/GerundiumLovecraft/team-hot-chip-group-project/api/src/controllers/spot.go:265.2,267.75 2 0
github.com/GerundiumLovecraft/team-hot-chip-group-project/api/src/controllers/spot_rating.go:12.34,14.13 2 0
github.com/GerundiumLovecraft/team-hot-chip-group-project/api/src/controllers/spot_rating.go:14.13,17.3 2 0
github.com/GerundiumLovecraft/team-hot-chip-group-project/api/src/controllers/spot_rating.go:19.2,20.9 2 0
github.com/GerundiumLovecraft/team-hot-chip-group-project/api/src/controllers/spot_rating.go:20.9,23.3 2 0
github.com/GerundiumLovecraft/team-hot-chip-group-project/api/src/controllers/spot_rating.go:26.2,28.16 3 0
github.com/GerundiumLovecraft/team-hot-chip-group-project/api/src/controllers/spot_rating.go:28.16,31.3 2 0
github.com/GerundiumLovecraft/team-hot-chip-group-project/api/src/controllers/spot_rating.go:34.2,37.57 2 0
github.com/GerundiumLovecraft/team-hot-chip-group-project/api/src/controllers/spot_rating.go:37.57,40.3 2 0
github.com/GerundiumLovecraft/team-hot-chip-group-project/api/src/controllers/spot_rating.go:43.2,43.54 1 0
github.com/GerundiumLovecraft/team-hot-chip-group-project/api/src/controllers/spot_rating.go:43.54,46.3 2 0
github.com/GerundiumLovecraft/team-hot-chip-group-project/api/src/controllers/spot_rating.go:48.2,52.16 3 0
github.com/GerundiumLovecraft/team-hot-chip-group-project/api/src/controllers/spot_rating.go:52.16,55.3 2 0
github.com/GerundiumLovecraft/team-hot-chip-group-project/api/src/controllers/spot_rating.go:57.2,57.77 1 0
github.com/GerundiumLovecraft/team-hot-chip-group-project/api/src/controllers/tokens.go:18.36,21.16 3 0
github.com/GerundiumLovecraft/team-hot-chip-group-project/api/src/controllers/tokens.go:21.16,24.3 2 0
github.com/GerundiumLovecraft/team-hot-chip-group-project/api/src/controllers/tokens.go:26.2,29.16 3 0
github.com/GerundiumLovecraft/team-hot-chip-group-project/api/src/controllers/tokens.go:29.16,32.3 2 0
github.com/GerundiumLovecraft/team-hot-chip-group-project/api/src/controllers/tokens.go:34.2,35.16 2 0
github.com/GerundiumLovecraft/team-hot-chip-group-project/api/src/controllers/tokens.go:35.16,38.3 2 0
github.com/GerundiumLovecraft/team-hot-chip-group-project/api/src/controllers/tokens.go:40.2,41.16 2 0
github.com/GerundiumLovecraft/team-hot-chip-group-project/api/src/controllers/tokens.go:41.16,44.3 2 0
github.com/GerundiumLovecraft/team-hot-chip-group-project/api/src/controllers/tokens.go:45.2,45.70 1 0
github.com/GerundiumLovecraft/team-hot-chip-group-project/api/src/controllers/users.go:16.35,19.53 2 0
github.com/GerundiumLovecraft/team-hot-chip-group-project/api/src/controllers/users.go:19.53,22.3 2 0
github.com/GerundiumLovecraft/team-hot-chip-group-project/api/src/controllers/users.go:24.2,28.16 4 0
github.com/GerundiumLovecraft/team-hot-chip-group-project/api/src/controllers/users.go:28.16,31.3 2 0
github.com/GerundiumLovecraft/team-hot-chip-group-project/api/src/controllers/users.go:32.2,36.16 3 0
github.com/GerundiumLovecraft/team-hot-chip-group-project/api/src/controllers/users.go:36.16,38.54 2 0
github.com/GerundiumLovecraft/team-hot-chip-group-project/api/src/controllers/users.go:38.54,41.4 2 0
github.com/GerundiumLovecraft/team-hot-chip-group-project/api/src/controllers/users.go:42.3,43.9 2 0
github.com/GerundiumLovecraft/team-hot-chip-group-project/api/src/controllers/users.go:47.2,50.70 3 0
github.com/GerundiumLovecraft/team-hot-chip-group-project/api/src/controllers/users.go:53.36,63.16 5 0
github.com/GerundiumLovecraft/team-hot-chip-group-project/api/src/controllers/users.go:63.16,66.3 2 0
github.com/GerundiumLovecraft/team-hot-chip-group-project/api/src/controllers/users.go:69.2,69.47 1 0
github.com/GerundiumLovecraft/team-hot-chip-group-project/api/src/controllers/users.go:69.47,72.3 2 0
github.com/GerundiumLovecraft/team-hot-chip-group-project/api/src/controllers/users.go:75.2,78.79 2 0
github.com/GerundiumLovecraft/team-hot-chip-group-project/api/src/controllers/users.go:81.42,85.16 3 0
github.com/GerundiumLovecraft/team-hot-chip-group-project/api/src/controllers/users.go:85.16,88.3 2 0
github.com/GerundiumLovecraft/team-hot-chip-group-project/api/src/controllers/users.go:91.2,94.46 4 0
github.com/GerundiumLovecraft/team-hot-chip-group-project/api/src/controllers/users.go:94.46,97.3 2 0
github.com/GerundiumLovecraft/team-hot-chip-group-project/api/src/controllers/users.go:99.2,101.79 2 0
github.com/GerundiumLovecraft/team-hot-chip-group-project/api/src/controllers/users.go:104.41,112.50 4 0
github.com/GerundiumLovecraft/team-hot-chip-group-project/api/src/controllers/users.go:112.50,115.3 2 0
github.com/GerundiumLovecraft/team-hot-chip-group-project/api/src/controllers/users.go:117.2,118.16 2 0
github.com/GerundiumLovecraft/team-hot-chip-group-project/api/src/controllers/users.go:118.16,121.3 2 0
github.com/GerundiumLovecraft/team-hot-chip-group-project/api/src/controllers/users.go:123.2,126.16 3 0
github.com/GerundiumLovecraft/team-hot-chip-group-project/api/src/controllers/users.go:126.16,129.3 2 0
github.com/GerundiumLovecraft/team-hot-chip-group-project/api/src/controllers/users.go:131.2,140.4 1 0
github.com/GerundiumLovecraft/team-hot-chip-group-project/api/src/env/env.go:9.35,11.16 2 1
github.com/GerundiumLovecraft/team-hot-chip-group-project/api/src/env/env.go:11.16,13.3 1 0
github.com/GerundiumLovecraft/team-hot-chip-group-project/api/src/env/env.go:15.2,15.46 1 1
github.com/GerundiumLovecraft/team-hot-chip-group-project/api/src/middleware/authentication.go:11.49,13.28 2 0
github.com/GerundiumLovecraft/team-hot-chip-group-project/api/src/middleware/authentication.go:13.28,17.6 3 0
github.com/GerundiumLovecraft/team-hot-chip-group-project/api/src/middleware/authentication.go:18.5,20.19 3 0
github.com/GerundiumLovecraft/team-hot-chip-group-project/api/src/middleware/authentication.go:20.19,25.6 4 0
github.com/GerundiumLovecraft/team-hot-chip-group-project/api/src/middleware/authentication.go:26.5,27.15 2 0
github.com/GerundiumLovecraft/team-hot-chip-group-project/api/src/models/db.go:13.31,20.16 5 1
github.com/GerundiumLovecraft/team-hot-chip-group-project/api/src/models/db.go:20.16,21.13 1 0
github.com/GerundiumLovecraft/team-hot-chip-group-project/api/src/models/db.go:24.2,24.51 1 1
github.com/GerundiumLovecraft/team-hot-chip-group-project/api/src/models/db.go:27.26,33.2 5 1
github.com/GerundiumLovecraft/team-hot-chip-group-project/api/src/models/feature.go:8.45,13.16 3 1
github.com/GerundiumLovecraft/team-hot-chip-group-project/api/src/models/feature.go:13.16,15.3 1 0
github.com/GerundiumLovecraft/team-hot-chip-group-project/api/src/models/feature.go:17.2,17.23 1 1
github.com/GerundiumLovecraft/team-hot-chip-group-project/api/src/models/feature.go:20.54,23.16 2 1
github.com/GerundiumLovecraft/team-hot-chip-group-project/api/src/models/feature.go:23.16,25.3 1 0
github.com/GerundiumLovecraft/team-hot-chip-group-project/api/src/models/feature.go:27.2,27.15 1 1
github.com/GerundiumLovecraft/team-hot-chip-group-project/api/src/models/feature.go:30.55,33.16 3 0
github.com/GerundiumLovecraft/team-hot-chip-group-project/api/src/models/feature.go:33.16,35.3 1 0
github.com/GerundiumLovecraft/team-hot-chip-group-project/api/src/models/feature.go:36.2,36.22 1 0
github.com/GerundiumLovecraft/team-hot-chip-group-project/api/src/models/feature.go:39.21,45.15 3 0
github.com/GerundiumLovecraft/team-hot-chip-group-project/api/src/models/feature.go:45.15,47.3 1 0
github.com/GerundiumLovecraft/team-hot-chip-group-project/api/src/models/feature.go:50.2,60.35 2 0
github.com/GerundiumLovecraft/team-hot-chip-group-project/api/src/models/feature.go:60.35,63.3 2 0
github.com/GerundiumLovecraft/team-hot-chip-group-project/api/src/models/seeds.go:15.21,19.15 3 0
github.com/GerundiumLovecraft/team-hot-chip-group-project/api/src/models/seeds.go:19.15,22.3 2 0
github.com/GerundiumLovecraft/team-hot-chip-group-project/api/src/models/seeds.go:25.2,34.16 4 0
github.com/GerundiumLovecraft/team-hot-chip-group-project/api/src/models/seeds.go:34.16,37.3 2 0
github.com/GerundiumLovecraft/team-hot-chip-group-project/api/src/models/seeds.go:40.2,46.16 3 0
github.com/GerundiumLovecraft/team-hot-chip-group-project/api/src/models/seeds.go:46.16,49.3 2 0
github.com/GerundiumLovecraft/team-hot-chip-group-project/api/src/models/seeds.go:51.2,93.29 3 0
github.com/GerundiumLovecraft/team-hot-chip-group-project/api/src/models/seeds.go:93.29,96.17 3 0
github.com/GerundiumLovecraft/team-hot-chip-group-project/api/src/models/seeds.go:96.17,99.4 2 0
github.com/GerundiumLovecraft/team-hot-chip-group-project/api/src/models/seeds.go:101.3,101.12 1 0
github.com/GerundiumLovecraft/team-hot-chip-group-project/api/src/models/seeds.go:102.10,109.85 7 0
github.com/GerundiumLovecraft/team-hot-chip-group-project/api/src/models/seeds.go:111.10,118.85 7 0
github.com/GerundiumLovecraft/team-hot-chip-group-project/api/src/models/seeds.go:120.10,127.87 7 0
github.com/GerundiumLovecraft/team-hot-chip-group-project/api/src/models/seeds.go:129.10,135.85 6 0
github.com/GerundiumLovecraft/team-hot-chip-group-project/api/src/models/seeds.go:139.2,139.48 1 0
github.com/GerundiumLovecraft/team-hot-chip-group-project/api/src/models/spot.go:25.41,27.16 2 1
github.com/GerundiumLovecraft/team-hot-chip-group-project/api/src/models/spot.go:27.16,29.3 1 0
github.com/GerundiumLovecraft/team-hot-chip-group-project/api/src/models/spot.go:30.2,30.18 1 1
github.com/GerundiumLovecraft/team-hot-chip-group-project/api/src/models/spot.go:33.39,36.16 3 1
github.com/GerundiumLovecraft/team-hot-chip-group-project/api/src/models/spot.go:36.16,38.3 1 0
github.com/GerundiumLovecraft/team-hot-chip-group-project/api/src/models/spot.go:39.2,39.20 1 1
github.com/GerundiumLovecraft/team-hot-chip-group-project/api/src/models/spot.go:42.41,45.16 3 1
github.com/GerundiumLovecraft/team-hot-chip-group-project/api/src/models/spot.go:45.16,47.3 1 0
github.com/GerundiumLovecraft/team-hot-chip-group-project/api/src/models/spot.go:48.2,48.19 1 1
github.com/GerundiumLovecraft/team-hot-chip-group-project/api/src/models/spot.go:51.67,61.29 3 0
github.com/GerundiumLovecraft/team-hot-chip-group-project/api/src/models/spot.go:61.29,62.24 1 0
github.com/GerundiumLovecraft/team-hot-chip-group-project/api/src/models/spot.go:62.24,65.4 1 0
github.com/GerundiumLovecraft/team-hot-chip-group-project/api/src/models/spot.go:65.9,68.4 1 0
github.com/GerundiumLovecraft/team-hot-chip-group-project/api/src/models/spot.go:71.2,75.16 2 0
github.com/GerundiumLovecraft/team-hot-chip-group-project/api/src/models/spot.go:75.16,77.3 1 0
github.com/GerundiumLovecraft/team-hot-chip-group-project/api/src/models/spot.go:79.2,79.20 1 0
github.com/GerundiumLovecraft/team-hot-chip-group-project/api/src/models/spot.go:83.57,86.19 3 0
github.com/GerundiumLovecraft/team-hot-chip-group-project/api/src/models/spot.go:86.19,88.6 1 0
github.com/GerundiumLovecraft/team-hot-chip-group-project/api/src/models/spot.go:89.5,89.23 1 0
github.com/GerundiumLovecraft/team-hot-chip-group-project/api/src/models/spot.go:105.53,114.16 3 0
github.com/GerundiumLovecraft/team-hot-chip-group-project/api/src/models/spot.go:114.16,116.3 1 0
github.com/GerundiumLovecraft/team-hot-chip-group-project/api/src/models/spot.go:118.2,118.21 1 0
github.com/GerundiumLovecraft/team-hot-chip-group-project/api/src/models/spot_rating.go:13.61,28.2 3 0
github.com/GerundiumLovecraft/team-hot-chip-group-project/api/src/models/spot_rating.go:32.61,39.2 3 0
github.com/GerundiumLovecraft/team-hot-chip-group-project/api/src/models/spot_rating.go:43.57,53.16 3 0
github.com/GerundiumLovecraft/team-hot-chip-group-project/api/src/models/spot_rating.go:53.16,55.3 1 0
github.com/GerundiumLovecraft/team-hot-chip-group-project/api/src/models/spot_rating.go:58.2,59.28 2 0
github.com/GerundiumLovecraft/team-hot-chip-group-project/api/src/models/spot_rating.go:59.28,61.3 1 0
github.com/GerundiumLovecraft/team-hot-chip-group-project/api/src/models/spot_rating.go:62.2,62.20 1 0
github.com/GerundiumLovecraft/team-hot-chip-group-project/api/src/models/spots_to_feats.go:11.74,14.16 2 1
github.com/GerundiumLovecraft/team-hot-chip-group-project/api/src/models/spots_to_feats.go:14.16,16.3 1 0
github.com/GerundiumLovecraft/team-hot-chip-group-project/api/src/models/spots_to_feats.go:18.2,18.24 1 1
github.com/GerundiumLovecraft/team-hot-chip-group-project/api/src/models/spots_to_feats.go:21.66,27.16 4 1
github.com/GerundiumLovecraft/team-hot-chip-group-project/api/src/models/spots_to_feats.go:27.16,30.3 2 1
github.com/GerundiumLovecraft/team-hot-chip-group-project/api/src/models/spots_to_feats.go:32.2,32.12 1 1
github.com/GerundiumLovecraft/team-hot-chip-group-project/api/src/models/spots_to_feats.go:35.55,37.2 1 1
github.com/GerundiumLovecraft/team-hot-chip-group-project/api/src/models/user.go:17.41,19.16 2 1
github.com/GerundiumLovecraft/team-hot-chip-group-project/api/src/models/user.go:19.16,21.3 1 1
github.com/GerundiumLovecraft/team-hot-chip-group-project/api/src/models/user.go:23.2,23.18 1 1
github.com/GerundiumLovecraft/team-hot-chip-group-project/api/src/models/user.go:26.41,30.16 3 1
github.com/GerundiumLovecraft/team-hot-chip-group-project/api/src/models/user.go:30.16,32.3 1 1
github.com/GerundiumLovecraft/team-hot-chip-group-project/api/src/models/user.go:34.2,34.19 1 1
github.com/GerundiumLovecraft/team-hot-chip-group-project/api/src/models/user.go:37.71,41.16 3 1
github.com/GerundiumLovecraft/team-hot-chip-group-project/api/src/models/user.go:41.16,43.3 1 1
github.com/GerundiumLovecraft/team-hot-chip-group-project/api/src/models/user.go:45.2,45.19 1 1
github.com/GerundiumLovecraft/team-hot-chip-group-project/api/src/models/user.go:48.57,52.16 3 0
github.com/GerundiumLovecraft/team-hot-chip-group-project/api/src/models/user.go:52.16,54.3 1 0
github.com/GerundiumLovecraft/team-hot-chip-group-project/api/src/models/user.go:56.2,56.19 1 0
github.com/GerundiumLovecraft/team-hot-chip-group-project/api/src/models/user.go:59.67,63.16 3 0
github.com/GerundiumLovecraft/team-hot-chip-group-project/api/src/models/user.go:63.16,65.3 1 0
github.com/GerundiumLovecraft/team-hot-chip-group-project/api/src/models/user.go:67.2,70.16 3 0
github.com/GerundiumLovecraft/team-hot-chip-group-project/api/src/models/user.go:70.16,72.3 1 0
github.com/GerundiumLovecraft/team-hot-chip-group-project/api/src/models/user.go:74.2,74.19 1 0
github.com/GerundiumLovecraft/team-hot-chip-group-project/api/src/routes/features.go:8.51,12.2 2 0
github.com/GerundiumLovecraft/team-hot-chip-group-project/api/src/routes/leaderboard.go:9.58,12.2 2 0
github.com/GerundiumLovecraft/team-hot-chip-group-project/api/src/routes/profiles.go:9.54,14.2 3 0
github.com/GerundiumLovecraft/team-hot-chip-group-project/api/src/routes/routes.go:5.38,14.2 8 0
github.com/GerundiumLovecraft/team-hot-chip-group-project/api/src/routes/spot_ratings.go:9.53,12.2 2 0
github.com/GerundiumLovecraft/team-hot-chip-group-project/api/src/routes/spots.go:9.52,17.2 5 0
github.com/GerundiumLovecraft/team-hot-chip-group-project/api/src/routes/tokens.go:8.61,12.2 2 0
github.com/GerundiumLovecraft/team-hot-chip-group-project/api/src/routes/users.go:9.51,25.2 5 0
github.com/GerundiumLovecraft/team-hot-chip-group-project/api/src/routes/features.go:8.51,12.2 2 0
github.com/GerundiumLovecraft/team-hot-chip-group-project/api/src/routes/leaderboard.go:9.58,12.2 2 0
github.com/GerundiumLovecraft/team-hot-chip-group-project/api/src/routes/profiles.go:9.54,14.2 3 0
github.com/GerundiumLovecraft/team-hot-chip-group-project/api/src/routes/routes.go:5.38,14.2 8 0
github.com/GerundiumLovecraft/team-hot-chip-group-project/api/src/routes/spot_ratings.go:9.53,12.2 2 0
github.com/GerundiumLovecraft/team-hot-chip-group-project/api/src/routes/spots.go:9.52,17.2 5 0
github.com/GerundiumLovecraft/team-hot-chip-group-project/api/src/routes/tokens.go:8.61,12.2 2 0
github.com/GerundiumLovecraft/team-hot-chip-group-project/api/src/routes/users.go:9.51,25.2 5 0
